The best found solution is of length 5, which used the following path:
1. 0
2. 2
3. 4
4. 1
5. 3