The best found solution is of length 13, which used the following path:
1. 0
2. 3
3. 1
4. 4
5. 2
6. 5